// Jest Snapshot v1, https://goo.gl/fbAQLP

exports[`change 1`] = `
Object {
  "Options": Object {
    "change": [Function],
    "classForDate": [Function],
    "clickOnHeader": [Function],
    "date": 2020-04-23T06:02:17.000Z,
    "header": [Function],
    "isDateSelectable": [Function],
    "items": [Function],
    "nextDelta": 1,
    "nextSymbol": "▸",
    "prevDelta": -1,
    "prevSymbol": "◂",
    "select": [Function],
    "showChange": true,
    "today": 2020-04-25T08:03:30.000Z,
    "value": 2020-04-23T06:02:17.000Z,
  },
  "html": "
<thead>
  <tr>
    <th><span>◂</span></th>
    <th colspan=\\"5\\" class=\\"picker-switch\\">2020</th>
    <th><span>▸</span></th>
  </tr>
</thead>
<tbody>
  <tr>
    <td colspan=\\"7\\"><span class=\\"month\\">Янв.</span><span class=\\"month\\">Февр.</span><span class=\\"month\\">Март</span><span class=\\"month active\\">Апр.</span><span class=\\"month\\">Май</span><span class=\\"month\\">Июнь</span><span class=\\"month disabled\\">Июль</span><span class=\\"month disabled\\">Авг.</span><span class=\\"month disabled\\">Сент.</span><span class=\\"month disabled\\">Окт.</span><span class=\\"month disabled\\">Нояб.</span><span class=\\"month disabled\\">Дек.</span></td>
  </tr>
</tbody>
",
}
`;

exports[`change 2`] = `
Object {
  "Options": Object {
    "change": [Function],
    "classForDate": [Function],
    "clickOnHeader": [Function],
    "date": 2020-04-23T06:02:17.000Z,
    "header": [Function],
    "isDateSelectable": [Function],
    "items": [Function],
    "nextDelta": 1,
    "nextSymbol": "▸",
    "prevDelta": -1,
    "prevSymbol": "◂",
    "select": [Function],
    "showChange": true,
    "today": 2020-04-25T08:03:30.000Z,
    "value": 2020-04-23T06:02:17.000Z,
  },
  "html": "
<thead>
  <tr>
    <th><span>◂</span></th>
    <th colspan=\\"5\\" class=\\"picker-switch\\">2020</th>
    <th><span>▸</span></th>
  </tr>
</thead>
<tbody>
  <tr>
    <td colspan=\\"7\\"><span class=\\"month\\">Янв.</span><span class=\\"month\\">Февр.</span><span class=\\"month\\">Март</span><span class=\\"month active\\">Апр.</span><span class=\\"month\\">Май</span><span class=\\"month\\">Июнь</span><span class=\\"month disabled\\">Июль</span><span class=\\"month disabled\\">Авг.</span><span class=\\"month disabled\\">Сент.</span><span class=\\"month disabled\\">Окт.</span><span class=\\"month disabled\\">Нояб.</span><span class=\\"month disabled\\">Дек.</span></td>
  </tr>
</tbody>
",
}
`;

exports[`change 3`] = `
Object {
  "Options": Object {
    "change": [Function],
    "classForDate": [Function],
    "clickOnHeader": [Function],
    "date": 2020-04-23T06:02:17.000Z,
    "header": [Function],
    "isDateSelectable": [Function],
    "items": [Function],
    "nextDelta": 1,
    "nextSymbol": "▸",
    "prevDelta": -1,
    "prevSymbol": "◂",
    "select": [Function],
    "showChange": true,
    "today": 2020-04-25T08:03:30.000Z,
    "value": 2020-04-23T06:02:17.000Z,
  },
  "html": "
<thead>
  <tr>
    <th><span>◂</span></th>
    <th colspan=\\"5\\" class=\\"picker-switch\\">2020</th>
    <th><span>▸</span></th>
  </tr>
</thead>
<tbody>
  <tr>
    <td colspan=\\"7\\"><span class=\\"month\\">Янв.</span><span class=\\"month\\">Февр.</span><span class=\\"month\\">Март</span><span class=\\"month active\\">Апр.</span><span class=\\"month\\">Май</span><span class=\\"month\\">Июнь</span><span class=\\"month disabled\\">Июль</span><span class=\\"month disabled\\">Авг.</span><span class=\\"month disabled\\">Сент.</span><span class=\\"month disabled\\">Окт.</span><span class=\\"month disabled\\">Нояб.</span><span class=\\"month disabled\\">Дек.</span></td>
  </tr>
</tbody>
",
}
`;

exports[`renders correctly 1`] = `
Object {
  "Options": Object {
    "change": [Function],
    "classForDate": [Function],
    "clickOnHeader": [Function],
    "date": 2020-04-23T06:02:17.000Z,
    "header": [Function],
    "isDateSelectable": [Function],
    "items": [Function],
    "nextDelta": 1,
    "nextSymbol": "▸",
    "prevDelta": -1,
    "prevSymbol": "◂",
    "select": [Function],
    "showChange": true,
    "today": 2020-04-25T08:03:30.000Z,
    "value": 2020-04-23T06:02:17.000Z,
  },
  "html": "
<thead>
  <tr>
    <th><span>◂</span></th>
    <th colspan=\\"5\\" class=\\"picker-switch\\">2020</th>
    <th><span>▸</span></th>
  </tr>
</thead>
<tbody>
  <tr>
    <td colspan=\\"7\\"><span class=\\"month\\">Янв.</span><span class=\\"month\\">Февр.</span><span class=\\"month\\">Март</span><span class=\\"month active\\">Апр.</span><span class=\\"month\\">Май</span><span class=\\"month\\">Июнь</span><span class=\\"month\\">Июль</span><span class=\\"month\\">Авг.</span><span class=\\"month\\">Сент.</span><span class=\\"month\\">Окт.</span><span class=\\"month\\">Нояб.</span><span class=\\"month\\">Дек.</span></td>
  </tr>
</tbody>
",
}
`;
