// Jest Snapshot v1, https://goo.gl/fbAQLP

exports[`renders correctly 1`] = `
Object {
  "Options": Object {
    "changeValue": [Function],
    "date": 2020-04-23T06:02:17.000Z,
    "decSymbol": "–",
    "incSymbol": "+",
    "today": 2020-04-25T08:03:30.000Z,
    "value": 2020-04-23T06:02:17.000Z,
  },
  "html": "
<thead>
  <tr>
    <th colspan=\\"5\\" class=\\"picker-switch\\">четверг, 23 апреля 2020 г.</th>
  </tr>
</thead>
<tbody>
  <tr>
    <td class=\\"change\\"><span>+</span></td>
    <td></td>
    <td class=\\"change\\"><span>+</span></td>
    <td></td>
    <td class=\\"change\\"><span>+</span></td>
  </tr>
  <!--0-->
  <tr>
    <td class=\\"hour\\">13</td>
    <td>:</td>
    <td class=\\"minute\\">2</td>
    <td>:</td>
    <td class=\\"second\\">17</td>
  </tr>
  <tr>
    <td class=\\"change\\"><span>–</span></td>
    <td></td>
    <td class=\\"change\\"><span>–</span></td>
    <td></td>
    <td class=\\"change\\"><span>–</span></td>
  </tr>
  <!--1-->
</tbody>
",
}
`;
